[2025-11-23 19:14:45] SMS.ir bulk (admin) status=200 ok=1 body={"data":{"packId":"812b8fa1-5dfb-4f26-918b-1fed5058b5e7","messageIds":[294945007,294945008],"cost":6},"status":1,"message":"موفق"}
[2025-11-23 19:14:47] SMS.ir bulk (buyer) status=200 ok=1 body={"data":{"packId":"091011ef-9cb7-4b32-aef1-a85c125ee670","messageIds":[294945014],"cost":4},"status":1,"message":"موفق"}
[2025-11-23 19:55:34] SMS.ir bulk (admin) status=200 ok=1 body={"data":{"packId":"16163c78-28fa-4b08-883f-c58fd4a627be","messageIds":[294969317,294969318],"cost":4},"status":1,"message":"موفق"}
[2025-11-23 19:55:34] SMS.ir bulk (buyer) status=200 ok=1 body={"data":{"packId":"854459b6-1ab1-454c-8aa5-3f4869cc9829","messageIds":[294969325],"cost":4},"status":1,"message":"موفق"}
[2025-11-23 20:27:22] SMS.ir bulk (admin) status=200 ok=1 body={"data":{"packId":"a76ee425-958f-4723-9509-367296ef7ed0","messageIds":[294985571,294985572],"cost":4},"status":1,"message":"موفق"}
[2025-11-23 20:27:23] SMS.ir bulk (buyer) status=200 ok=1 body={"data":{"packId":"ac3ae88f-ca55-411c-a015-36b65b4785bf","messageIds":[294985577],"cost":4},"status":1,"message":"موفق"}
[2025-11-23 20:27:46] SMS.ir bulk (admin) status=200 ok=1 body={"data":{"packId":"04eef7b8-38b5-448c-85e6-1743337999e9","messageIds":[294985751,294985752],"cost":4},"status":1,"message":"موفق"}
[2025-11-23 20:27:47] SMS.ir bulk (buyer) status=200 ok=1 body={"data":{"packId":"d6ed03a2-cc90-47d9-8d76-54b226f3d4f1","messageIds":[294985757],"cost":4},"status":1,"message":"موفق"}
[2025-11-23 20:33:12] SMS.ir bulk (admin) status=200 ok=1 body={"data":{"packId":"da94cb6f-3233-42ec-bfd5-367fe0bcdee4","messageIds":[294988610,294988611],"cost":6},"status":1,"message":"موفق"}
[2025-11-23 20:33:13] SMS.ir bulk (buyer) status=200 ok=1 body={"data":{"packId":"008c4a3a-0f5f-44dc-a807-32598af30232","messageIds":[294988619],"cost":4},"status":1,"message":"موفق"}
[2025-11-23 20:33:57] SMS.ir bulk (admin) status=200 ok=1 body={"data":{"packId":"f98e0dca-0ddd-4159-b5e5-2d2f1331bdd6","messageIds":[294989026,294989027],"cost":4},"status":1,"message":"موفق"}
[2025-11-23 20:33:58] SMS.ir bulk (buyer) status=200 ok=1 body={"data":{"packId":"533585dc-759b-44ab-ae5a-e114d066581a","messageIds":[294989033],"cost":4},"status":1,"message":"موفق"}
[2025-11-23 20:35:50] SMS.ir bulk (admin) status=200 ok=1 body={"data":{"packId":"20457984-70c2-4710-b5cb-82465359160b","messageIds":[294989891,294989892],"cost":4},"status":1,"message":"موفق"}
[2025-11-23 20:35:50] SMS.ir bulk (buyer) status=200 ok=1 body={"data":{"packId":"0ee6e06d-f8e8-433b-a48a-66c0b475cf78","messageIds":[294989896],"cost":4},"status":1,"message":"موفق"}
[2025-11-23 21:06:42] SMS.ir bulk (admin) status=200 ok=1 body={"data":{"packId":"79eb280d-1be7-4933-ba7f-03ce45f45be2","messageIds":[295006581],"cost":2},"status":1,"message":"موفق"}
[2025-11-23 21:06:43] SMS.ir bulk (buyer) status=200 ok=1 body={"data":{"packId":"ef8dbf84-d316-4fbc-8516-784221d07ba0","messageIds":[295006586],"cost":4},"status":1,"message":"موفق"}
[2025-11-23 21:49:20] SMS.ir bulk (admin) status=200 ok=1 body={"data":{"packId":"380cec0e-ecc4-4673-8c30-dc098ca75814","messageIds":[295031461],"cost":2},"status":1,"message":"موفق"}
[2025-11-23 21:49:21] SMS.ir bulk (buyer) status=200 ok=1 body={"data":{"packId":"26aef063-4959-414c-b2c3-48d46e8232bd","messageIds":[295031465],"cost":4},"status":1,"message":"موفق"}
[2025-11-23 22:20:58] SMS.ir bulk (admin) status=200 ok=1 body={"data":{"packId":"ea803194-1962-49aa-bdfb-b3aa60ef9056","messageIds":[295047363],"cost":2},"status":1,"message":"موفق"}
[2025-11-23 22:20:59] SMS.ir bulk (buyer) status=200 ok=1 body={"data":{"packId":"ac14414a-5bf2-449a-89a6-1d178dbf3448","messageIds":[295047369],"cost":4},"status":1,"message":"موفق"}
[2025-11-23 23:49:12] SMS.ir bulk (admin) status=200 ok=1 body={"data":{"packId":"5fb82a48-a6ed-41c8-b90d-700d6d367d7e","messageIds":[295090915],"cost":3},"status":1,"message":"موفق"}
[2025-11-23 23:49:12] SMS.ir bulk (buyer) status=200 ok=1 body={"data":{"packId":"4945aa76-9913-4d65-b366-3bc714f1129a","messageIds":[295090920],"cost":4},"status":1,"message":"موفق"}
[2025-11-24 00:08:10] SMS.ir bulk (admin) status=200 ok=1 body={"data":{"packId":"dc9d1362-c53c-44fe-bf00-7d4901cf8ec8","messageIds":[295098073],"cost":2},"status":1,"message":"موفق"}
[2025-11-24 00:08:11] SMS.ir bulk (buyer) status=200 ok=1 body={"data":{"packId":"a9be1834-4bc4-44c7-b65a-ec8fdad9af9b","messageIds":[295098076],"cost":4},"status":1,"message":"موفق"}
[2025-11-24 02:10:20] SMS.ir bulk (admin) status=200 ok=1 body={"data":{"packId":"6ee8ccb7-eb39-492c-9653-118add50a0da","messageIds":[295128969],"cost":2},"status":1,"message":"موفق"}
[2025-11-24 02:10:20] SMS.ir bulk (buyer) status=200 ok=1 body={"data":{"packId":"a5df2278-26d7-484b-a85b-9d855e5c059f","messageIds":[295128971],"cost":4},"status":1,"message":"موفق"}
[2025-11-24 12:54:31] SMS.ir bulk (admin) status=200 ok=1 body={"data":{"packId":"f9a11f03-967a-4d42-b794-4a9a83d43934","messageIds":[295300463],"cost":3},"status":1,"message":"موفق"}
[2025-11-24 12:54:32] SMS.ir bulk (buyer) status=200 ok=1 body={"data":{"packId":"3d252619-4fc4-4d71-9ffe-7ad1e96fda56","messageIds":[295300468],"cost":4},"status":1,"message":"موفق"}
[2025-11-24 14:45:21] SMS.ir bulk (admin) status=200 ok=1 body={"data":{"packId":"2c874471-1724-4268-ac06-24d9b2e5ee99","messageIds":[295363548],"cost":2},"status":1,"message":"موفق"}
[2025-11-24 14:45:21] SMS.ir bulk (buyer) status=200 ok=1 body={"data":{"packId":"422ba813-b91f-4ffd-b846-5f41939767ec","messageIds":[295363549],"cost":4},"status":1,"message":"موفق"}
[2025-11-24 16:24:47] SMS.ir bulk (admin) status=200 ok=1 body={"data":{"packId":"048baefe-8e74-4365-9558-22847a303665","messageIds":[295412582],"cost":2},"status":1,"message":"موفق"}
[2025-11-24 16:24:48] SMS.ir bulk (buyer) status=200 ok=1 body={"data":{"packId":"4958d890-7959-46e1-8fdd-5d96a268b214","messageIds":[295412585],"cost":4},"status":1,"message":"موفق"}
[2025-11-24 19:56:21] SMS.ir bulk (admin) status=200 ok=1 body={"data":{"packId":"83699e2e-c74e-4521-9b68-27b88c6e4920","messageIds":[295517656],"cost":2},"status":1,"message":"موفق"}
[2025-11-24 19:56:21] SMS.ir bulk (buyer) status=200 ok=1 body={"data":{"packId":"52b2e239-2ee7-4b17-9c4b-65228d722b56","messageIds":[295517660],"cost":4},"status":1,"message":"موفق"}
[2025-11-24 22:06:59] SMS.ir bulk (admin) status=200 ok=1 body={"data":{"packId":"966fd966-6139-404c-8d98-a6b2e40520dc","messageIds":[295587301],"cost":2},"status":1,"message":"موفق"}
[2025-11-24 22:06:59] SMS.ir bulk (buyer) status=200 ok=1 body={"data":{"packId":"bfbfd290-0e48-4e88-a11e-3cfd46d44b48","messageIds":[295587305],"cost":4},"status":1,"message":"موفق"}
[2025-11-24 22:28:56] SMS.ir bulk (admin) status=200 ok=1 body={"data":{"packId":"526bba05-826b-475b-a6a7-be6d4d7bd103","messageIds":[295597642],"cost":2},"status":1,"message":"موفق"}
[2025-11-24 22:28:57] SMS.ir bulk (buyer) status=200 ok=1 body={"data":{"packId":"3bb2af38-d09c-4a72-93a1-8824e6b5d640","messageIds":[295597644],"cost":4},"status":1,"message":"موفق"}
[2025-11-25 15:43:14] SMS.ir bulk (admin) status=200 ok=1 body={"data":{"packId":"2759e088-b873-42d5-ab68-a6c7bb160a54","messageIds":[296065646],"cost":2},"status":1,"message":"موفق"}
[2025-11-25 15:43:15] SMS.ir bulk (buyer) status=200 ok=1 body={"data":{"packId":"a52e25d5-b634-40c4-94ec-ba5cd576fce7","messageIds":[296065651],"cost":4},"status":1,"message":"موفق"}
[2025-11-25 20:24:43] SMS.ir bulk (admin) status=200 ok=1 body={"data":{"packId":"c363db57-014e-4861-8759-1314461f505e","messageIds":[296260338],"cost":2},"status":1,"message":"موفق"}
[2025-11-25 20:24:44] SMS.ir bulk (buyer) status=200 ok=1 body={"data":{"packId":"92d07dbe-9c96-4d8a-a328-f7f8ef7e5b7c","messageIds":[296260344],"cost":4},"status":1,"message":"موفق"}
[2025-11-25 20:50:16] SMS.ir bulk (admin) status=200 ok=1 body={"data":{"packId":"0c47aeff-513b-49c0-a99a-8d9c6fffff6b","messageIds":[296274661],"cost":2},"status":1,"message":"موفق"}
[2025-11-25 20:50:17] SMS.ir bulk (buyer) status=200 ok=1 body={"data":{"packId":"38a17c01-433d-47cb-a852-e46443d7bcc5","messageIds":[296274663],"cost":4},"status":1,"message":"موفق"}
[2025-11-25 22:57:24] SMS.ir bulk (admin) status=200 ok=1 body={"data":{"packId":"369c9e06-778c-4533-8ed3-24689af9b382","messageIds":[296347085],"cost":2},"status":1,"message":"موفق"}
[2025-11-25 22:57:24] SMS.ir bulk (buyer) status=200 ok=1 body={"data":{"packId":"562d1763-1cc5-44b1-8c92-951cc85fd17d","messageIds":[296347094],"cost":4},"status":1,"message":"موفق"}
[2025-11-25 23:49:18] SMS.ir bulk (admin) status=200 ok=1 body={"data":{"packId":"a77e185d-6b4a-47d0-ba83-a1d14392340e","messageIds":[296369639],"cost":2},"status":1,"message":"موفق"}
[2025-11-25 23:49:19] SMS.ir bulk (buyer) status=200 ok=1 body={"data":{"packId":"3c42d46b-a97b-4a97-bc39-e5e8a24950f8","messageIds":[296369643],"cost":4},"status":1,"message":"موفق"}
[2025-11-26 02:55:15] SMS.ir bulk (admin) status=200 ok=1 body={"data":{"packId":"32237703-f8cb-49ab-8216-d20e5b7469ce","messageIds":[296420271],"cost":2},"status":1,"message":"موفق"}
[2025-11-26 02:55:15] SMS.ir bulk (buyer) status=200 ok=1 body={"data":{"packId":"8e318111-1d60-4f4a-9f81-15994ca6fdbf","messageIds":[296420274],"cost":4},"status":1,"message":"موفق"}
[2025-11-26 11:06:21] SMS.ir bulk (admin) status=200 ok=1 body={"data":{"packId":"3d716de2-e3ad-43f9-b958-bf085e372c70","messageIds":[296600229],"cost":2},"status":1,"message":"موفق"}
[2025-11-26 11:06:21] SMS.ir bulk (buyer) status=200 ok=1 body={"data":{"packId":"14db659d-4893-473d-9d93-3d38e0a8cb63","messageIds":[296600237],"cost":4},"status":1,"message":"موفق"}
[2025-11-26 15:02:45] SMS.ir bulk (admin) status=200 ok=1 body={"data":{"packId":"af3981a3-424a-4b7a-b40b-942ff4dd388f","messageIds":[296828439],"cost":2},"status":1,"message":"موفق"}
[2025-11-26 15:02:48] SMS.ir bulk (buyer) status=200 ok=1 body={"data":{"packId":"1cc137cf-9f4c-4c50-9094-6c3b50ab15df","messageIds":[296828447],"cost":4},"status":1,"message":"موفق"}
[2025-11-26 16:49:19] SMS.ir bulk (admin) status=200 ok=1 body={"data":{"packId":"a767a9d4-623a-474b-8d91-b3486722b3b7","messageIds":[296904584],"cost":2},"status":1,"message":"موفق"}
[2025-11-26 16:49:19] SMS.ir bulk (buyer) status=200 ok=1 body={"data":{"packId":"aa2fb072-252c-473d-bfe5-63f00af3ce47","messageIds":[296904590],"cost":4},"status":1,"message":"موفق"}
[2025-11-26 17:28:54] SMS.ir bulk (admin) status=200 ok=1 body={"data":{"packId":"4ea1ac9b-d888-4aa1-88b1-b773fc7e614c","messageIds":[296927650],"cost":3},"status":1,"message":"موفق"}
[2025-11-26 17:28:55] SMS.ir bulk (buyer) status=200 ok=1 body={"data":{"packId":"f280ab08-1d8b-4fc7-8a07-662ee3fb7c42","messageIds":[296927659],"cost":4},"status":1,"message":"موفق"}
[2025-11-26 22:54:26] SMS.ir bulk (admin) status=200 ok=1 body={"data":{"packId":"86ddc12d-7001-49cd-91d0-e4f50e6251b1","messageIds":[297114680],"cost":2},"status":1,"message":"موفق"}
[2025-11-26 22:54:27] SMS.ir bulk (buyer) status=200 ok=1 body={"data":{"packId":"ba4e29f1-8494-47ba-88b0-2d9553c5ce8e","messageIds":[297114685],"cost":4},"status":1,"message":"موفق"}
[2025-11-27 10:56:20] SMS.ir bulk (admin) status=200 ok=1 body={"data":{"packId":"1ebbe30c-0efa-4b25-ba52-d0c12ea412b8","messageIds":[297305511],"cost":3},"status":1,"message":"موفق"}
[2025-11-27 10:56:21] SMS.ir bulk (buyer) status=200 ok=1 body={"data":{"packId":"6e550bb3-522d-4a33-a619-dcd14098edc4","messageIds":[297305514],"cost":5},"status":1,"message":"موفق"}
[2025-11-27 14:16:56] SMS.ir bulk (admin) status=200 ok=1 body={"data":{"packId":"cac91250-051d-4fcb-a951-effc0e34f4ca","messageIds":[297448026],"cost":2},"status":1,"message":"موفق"}
[2025-11-27 14:16:57] SMS.ir bulk (buyer) status=200 ok=1 body={"data":{"packId":"6b22e165-ac8e-4dcb-9516-76c58ca82ec9","messageIds":[297448034],"cost":4},"status":1,"message":"موفق"}
[2025-11-27 14:49:35] SMS.ir bulk (admin) status=200 ok=1 body={"data":{"packId":"6a61aee4-edfb-4e19-98a3-ceae48bc9233","messageIds":[297467730],"cost":2},"status":1,"message":"موفق"}
[2025-11-27 14:49:36] SMS.ir bulk (buyer) status=200 ok=1 body={"data":{"packId":"2840c162-5d6e-4d6e-a9a5-364d0d27f381","messageIds":[297467736],"cost":4},"status":1,"message":"موفق"}
[2025-11-27 16:24:55] SMS.ir bulk (admin) status=200 ok=1 body={"data":{"packId":"bf9615b1-264a-4cb7-a7c1-bb0f20d61893","messageIds":[297523778],"cost":3},"status":1,"message":"موفق"}
[2025-11-27 16:24:56] SMS.ir bulk (buyer) status=200 ok=1 body={"data":{"packId":"8431e594-1777-40a9-a51e-190914042cbc","messageIds":[297523783],"cost":4},"status":1,"message":"موفق"}
[2025-11-28 16:02:37] SMS.ir bulk (admin) status=200 ok=1 body={"data":{"packId":"9c451a63-0744-4c0b-8bc3-9e09463fe732","messageIds":[298203646],"cost":3},"status":1,"message":"موفق"}
[2025-11-28 16:02:38] SMS.ir bulk (buyer) status=200 ok=1 body={"data":{"packId":"fee46577-2df2-4b54-838c-cc0495d94748","messageIds":[298203659],"cost":4},"status":1,"message":"موفق"}
[2025-11-29 20:10:05] SMS.ir bulk (admin) status=200 ok=1 body={"data":{"packId":"67c9fcc5-ab41-45ad-8d0f-ce73965adc37","messageIds":[299317832],"cost":2},"status":1,"message":"موفق"}
[2025-11-29 20:10:05] SMS.ir bulk (buyer) status=200 ok=1 body={"data":{"packId":"2b29418e-e76f-4f7f-a397-941868a207c2","messageIds":[299317841],"cost":4},"status":1,"message":"موفق"}
[2025-11-30 16:43:04] SMS.ir bulk (admin) status=200 ok=1 body={"data":{"packId":"a3b1f1a4-c9b5-4c3e-a81f-8cb54fef871e","messageIds":[299944455],"cost":3},"status":1,"message":"موفق"}
[2025-11-30 16:43:04] SMS.ir bulk (buyer) status=200 ok=1 body={"data":{"packId":"de3a666e-f9a7-4dc2-b832-5561584501b5","messageIds":[299944460],"cost":4},"status":1,"message":"موفق"}
[2025-11-30 21:45:40] SMS.ir bulk (admin) status=200 ok=1 body={"data":{"packId":"06569a41-9aee-4a84-943b-56a8ba9e4217","messageIds":[300134277],"cost":2},"status":1,"message":"موفق"}
[2025-11-30 21:45:41] SMS.ir bulk (buyer) status=200 ok=1 body={"data":{"packId":"b94f1a02-9a79-4f0f-9599-64cb51c6892a","messageIds":[300134283],"cost":4},"status":1,"message":"موفق"}
[2025-12-01 10:34:32] SMS.ir bulk (admin) status=200 ok=1 body={"data":{"packId":"636f91de-1e28-4a8d-9983-94ae21d2b84a","messageIds":[300358298],"cost":2},"status":1,"message":"موفق"}
[2025-12-01 10:34:32] SMS.ir bulk (buyer) status=200 ok=1 body={"data":{"packId":"8dc6605a-a14b-4f8a-9c27-c72e43635905","messageIds":[300358305],"cost":4},"status":1,"message":"موفق"}
[2025-12-01 16:25:11] SMS.ir bulk (admin) status=200 ok=1 body={"data":{"packId":"d6bcdd5e-593d-47fa-a2f8-855ade369e17","messageIds":[300635640],"cost":2},"status":1,"message":"موفق"}
[2025-12-01 16:25:11] SMS.ir bulk (buyer) status=200 ok=1 body={"data":{"packId":"7be1999e-1c9a-430c-9c10-928a6aa7d93a","messageIds":[300635649],"cost":4},"status":1,"message":"موفق"}
[2025-12-01 16:41:44] SMS.ir bulk (admin) status=200 ok=1 body={"data":{"packId":"9807551e-036e-4298-b9e7-e2caa65d33e0","messageIds":[300648731],"cost":2},"status":1,"message":"موفق"}
[2025-12-01 16:41:45] SMS.ir bulk (buyer) status=200 ok=1 body={"data":{"packId":"38a56d5e-6f5d-4cb0-bc7f-8f0b28019a87","messageIds":[300648738],"cost":4},"status":1,"message":"موفق"}
[2025-12-01 18:52:30] SMS.ir bulk (admin) status=200 ok=1 body={"data":{"packId":"4c7ca08d-037b-48d1-beec-2fed561b7941","messageIds":[300738010],"cost":3},"status":1,"message":"موفق"}
[2025-12-01 18:52:31] SMS.ir bulk (buyer) status=200 ok=1 body={"data":{"packId":"d1177ffd-427a-4429-a850-bb03a1d5cbf4","messageIds":[300738013],"cost":4},"status":1,"message":"موفق"}
[2025-12-01 22:02:08] SMS.ir bulk (admin) status=200 ok=1 body={"data":{"packId":"361a7dd5-abf2-4c6a-8ab5-9f68fae5743c","messageIds":[300855536],"cost":2},"status":1,"message":"موفق"}
[2025-12-01 22:02:09] SMS.ir bulk (buyer) status=200 ok=1 body={"data":{"packId":"0136eaf2-72fb-4e0f-a24f-80ce05973030","messageIds":[300855538],"cost":4},"status":1,"message":"موفق"}
[2025-12-01 22:06:43] SMS.ir bulk (admin) status=200 ok=1 body={"data":{"packId":"5d226eb7-a3b8-4d4c-9634-ef71382630fb","messageIds":[300861791],"cost":2},"status":1,"message":"موفق"}
[2025-12-01 22:06:43] SMS.ir bulk (buyer) status=200 ok=1 body={"data":{"packId":"02ef65ac-f77b-49e5-88ea-fa66f5f5ea4c","messageIds":[300861794],"cost":4},"status":1,"message":"موفق"}
[2025-12-01 23:00:07] SMS.ir bulk (admin) status=200 ok=1 body={"data":{"packId":"5a7a9f7f-d93c-4dd5-be85-0481bfa94714","messageIds":[300889141],"cost":2},"status":1,"message":"موفق"}
[2025-12-01 23:00:08] SMS.ir bulk (buyer) status=200 ok=1 body={"data":{"packId":"55cb8288-386b-4d00-a292-eaea3cf77e23","messageIds":[300889146],"cost":4},"status":1,"message":"موفق"}
[2025-12-01 23:37:17] SMS.ir bulk (admin) status=200 ok=1 body={"data":{"packId":"1aac998a-146e-4d9a-a459-01ab8ab13e56","messageIds":[300905085],"cost":2},"status":1,"message":"موفق"}
[2025-12-01 23:37:18] SMS.ir bulk (buyer) status=200 ok=1 body={"data":{"packId":"925ee23c-41e0-40c8-bd04-1d14392e0d57","messageIds":[300905089],"cost":4},"status":1,"message":"موفق"}
[2025-12-02 01:04:05] SMS.ir bulk (admin) status=200 ok=1 body={"data":{"packId":"8319f2f1-1e13-427c-8e2f-155291f741a8","messageIds":[300934031],"cost":2},"status":1,"message":"موفق"}
[2025-12-02 01:04:06] SMS.ir bulk (buyer) status=200 ok=1 body={"data":{"packId":"5146ccfd-c761-45f3-8825-27ebcb6b48d1","messageIds":[300934038],"cost":4},"status":1,"message":"موفق"}
[2025-12-02 09:04:44] SMS.ir bulk (admin) status=200 ok=1 body={"data":{"packId":"408eb60a-3361-4cc5-98ae-9133d238e24e","messageIds":[301016401],"cost":2},"status":1,"message":"موفق"}
[2025-12-02 09:04:45] SMS.ir bulk (buyer) status=200 ok=1 body={"data":{"packId":"6d176f73-26cb-494b-927b-f49d84e6983e","messageIds":[301016414],"cost":4},"status":1,"message":"موفق"}
[2025-12-02 13:48:40] SMS.ir bulk (admin) status=200 ok=1 body={"data":{"packId":"7fe0f855-f8a6-4934-8ee8-76de34fa043c","messageIds":[301243806],"cost":2},"status":1,"message":"موفق"}
[2025-12-02 13:48:41] SMS.ir bulk (buyer) status=200 ok=1 body={"data":{"packId":"467f261a-c778-4a49-98f0-42581ed79d91","messageIds":[301243808],"cost":4},"status":1,"message":"موفق"}
[2025-12-02 17:35:37] SMS.ir bulk (admin) status=200 ok=1 body={"data":{"packId":"48c28743-a545-4c20-9cab-1079af3d56c7","messageIds":[301467897],"cost":3},"status":1,"message":"موفق"}
[2025-12-02 17:35:38] SMS.ir bulk (buyer) status=200 ok=1 body={"data":{"packId":"a0406ffc-d90a-4042-90a8-a4a61e6f1889","messageIds":[301467912],"cost":4},"status":1,"message":"موفق"}
[2025-12-02 17:47:59] SMS.ir bulk (admin) status=200 ok=1 body={"data":{"packId":"e8b7ba6d-59bb-4b78-afbf-0db67bd487db","messageIds":[301475453],"cost":3},"status":1,"message":"موفق"}
[2025-12-02 17:47:59] SMS.ir bulk (buyer) status=200 ok=1 body={"data":{"packId":"b9c9f686-c20f-4865-a15d-b956f84f2d9a","messageIds":[301475461],"cost":4},"status":1,"message":"موفق"}
[2025-12-03 00:37:30] SMS.ir bulk (admin) status=200 ok=1 body={"data":{"packId":"28d97121-cff3-460f-bad5-319194fe0767","messageIds":[301681533],"cost":3},"status":1,"message":"موفق"}
[2025-12-03 00:37:30] SMS.ir bulk (buyer) status=200 ok=1 body={"data":{"packId":"b15fa143-d788-4894-9db3-2837fbd3d75f","messageIds":[301681539],"cost":4},"status":1,"message":"موفق"}
[2025-12-03 01:46:05] SMS.ir bulk (admin) status=200 ok=1 body={"data":{"packId":"08f7cc7a-9ab0-43ff-abe1-6883c5a0b8f7","messageIds":[301697053],"cost":3},"status":1,"message":"موفق"}
[2025-12-03 01:46:06] SMS.ir bulk (buyer) status=200 ok=1 body={"data":{"packId":"833b085d-22d8-474e-a120-48091e08e893","messageIds":[301697055],"cost":4},"status":1,"message":"موفق"}
[2025-12-03 11:29:12] SMS.ir bulk (admin) status=200 ok=1 body={"data":{"packId":"60fffff8-e7a6-4b8a-a7e7-edc3f7586511","messageIds":[301908039],"cost":3},"status":1,"message":"موفق"}
[2025-12-03 11:29:12] SMS.ir bulk (buyer) status=200 ok=1 body={"data":{"packId":"9949877f-6763-449e-8c8d-c00d5fcf3059","messageIds":[301908044],"cost":4},"status":1,"message":"موفق"}
[2025-12-03 13:37:31] SMS.ir bulk (admin) status=200 ok=1 body={"data":{"packId":"cf4d8d75-f628-4447-931b-46cbb5152548","messageIds":[302004754],"cost":2},"status":1,"message":"موفق"}
[2025-12-03 13:37:32] SMS.ir bulk (buyer) status=200 ok=1 body={"data":{"packId":"2fc6ffef-2edc-4d9a-8b4f-bc99561709d6","messageIds":[302004763],"cost":4},"status":1,"message":"موفق"}
[2025-12-03 20:32:58] SMS.ir bulk (admin) status=200 ok=1 body={"data":{"packId":"b8b92674-e601-4e97-b764-7e5a9e34f551","messageIds":[302405946],"cost":2},"status":1,"message":"موفق"}
[2025-12-03 20:32:59] SMS.ir bulk (buyer) status=200 ok=1 body={"data":{"packId":"8a86d4d4-0b83-475c-9658-57e1521add53","messageIds":[302405953],"cost":4},"status":1,"message":"موفق"}
[2025-12-03 20:59:55] SMS.ir bulk (admin) status=200 ok=1 body={"data":{"packId":"f1406700-95f2-46e6-adf9-ee5f44c0ee12","messageIds":[302418756],"cost":3},"status":1,"message":"موفق"}
[2025-12-03 20:59:55] SMS.ir bulk (buyer) status=200 ok=1 body={"data":{"packId":"179b2afe-2966-488f-a988-f8a3f8c333a4","messageIds":[302418765],"cost":4},"status":1,"message":"موفق"}
[2025-12-03 23:37:38] SMS.ir bulk (admin) status=200 ok=1 body={"data":{"packId":"64703cfe-17c1-48ef-af3c-2a5a46a508fd","messageIds":[302493439],"cost":2},"status":1,"message":"موفق"}
[2025-12-03 23:37:38] SMS.ir bulk (buyer) status=200 ok=1 body={"data":{"packId":"0b9cea0d-1c62-4050-968b-6ba513eadfd6","messageIds":[302493443],"cost":4},"status":1,"message":"موفق"}
[2025-12-03 23:50:39] SMS.ir bulk (admin) status=200 ok=1 body={"data":{"packId":"d64481b8-95ae-4043-b4db-01e2490b14b3","messageIds":[302498215],"cost":3},"status":1,"message":"موفق"}
[2025-12-03 23:50:40] SMS.ir bulk (buyer) status=200 ok=1 body={"data":{"packId":"bdd50cdd-29e7-4839-a90b-295406d92ba1","messageIds":[302498218],"cost":4},"status":1,"message":"موفق"}
[2025-12-04 01:08:20] SMS.ir bulk (admin) status=200 ok=1 body={"data":{"packId":"8a1a6f82-a628-49cc-8eca-8469fc328813","messageIds":[302521848],"cost":2},"status":1,"message":"موفق"}
[2025-12-04 01:08:20] SMS.ir bulk (buyer) status=200 ok=1 body={"data":{"packId":"f8e61e77-5bf2-43ce-82b3-42831581b501","messageIds":[302521850],"cost":4},"status":1,"message":"موفق"}
[2025-12-04 02:01:08] SMS.ir bulk (admin) status=200 ok=1 body={"data":{"packId":"1c88d493-85df-4baf-9cd8-138c5edef1ce","messageIds":[302532399],"cost":2},"status":1,"message":"موفق"}
[2025-12-04 02:01:08] SMS.ir bulk (buyer) status=200 ok=1 body={"data":{"packId":"5f20a4b6-d813-41c6-8680-d84736e6f1f9","messageIds":[302532400],"cost":4},"status":1,"message":"موفق"}
[2025-12-04 11:12:04] SMS.ir bulk (admin) status=200 ok=1 body={"data":{"packId":"024f7ac5-7cd6-4e49-9bc0-6e7bcad85bfb","messageIds":[302673980],"cost":2},"status":1,"message":"موفق"}
[2025-12-04 11:12:05] SMS.ir bulk (buyer) status=200 ok=1 body={"data":{"packId":"1e51df94-149d-4b3e-8673-d4b40e36a825","messageIds":[302673983],"cost":4},"status":1,"message":"موفق"}
[2025-12-04 13:53:53] SMS.ir bulk (admin) status=200 ok=1 body={"data":{"packId":"b22a9dab-fd0e-415b-9500-480328a3672e","messageIds":[302766538],"cost":3},"status":1,"message":"موفق"}
[2025-12-04 13:53:53] SMS.ir bulk (buyer) status=200 ok=1 body={"data":{"packId":"a30c8566-6e79-435e-b464-5602e7d76483","messageIds":[302766542],"cost":4},"status":1,"message":"موفق"}
[2025-12-04 14:15:30] SMS.ir bulk (admin) status=200 ok=1 body={"data":{"packId":"f4b34ba6-aa15-460c-b438-02b5cf7b9a88","messageIds":[302780321],"cost":2},"status":1,"message":"موفق"}
[2025-12-04 14:15:30] SMS.ir bulk (buyer) status=200 ok=1 body={"data":{"packId":"3e73f4a9-a63f-4275-9299-c6339b536239","messageIds":[302780336],"cost":4},"status":1,"message":"موفق"}
[2025-12-04 14:18:29] SMS.ir bulk (admin) status=200 ok=1 body={"data":{"packId":"d92929a0-7974-4333-9bdc-e6741401244c","messageIds":[302782172],"cost":2},"status":1,"message":"موفق"}
[2025-12-04 14:18:30] SMS.ir bulk (buyer) status=200 ok=1 body={"data":{"packId":"2f0b41a4-1e74-44ce-8848-6b9ae7288bb8","messageIds":[302782179],"cost":4},"status":1,"message":"موفق"}
[2025-12-04 16:09:22] SMS.ir bulk (admin) status=200 ok=1 body={"data":{"packId":"0bf8030a-c3b4-4901-b020-9c2baf11a9be","messageIds":[302849169],"cost":3},"status":1,"message":"موفق"}
[2025-12-04 16:09:23] SMS.ir bulk (buyer) status=200 ok=1 body={"data":{"packId":"6ee56874-ca7c-4245-9697-a53a1ec476df","messageIds":[302849174],"cost":4},"status":1,"message":"موفق"}
[2025-12-04 16:12:04] SMS.ir bulk (admin) status=200 ok=1 body={"data":{"packId":"304e41c9-7151-41d2-ab76-459c83d038ba","messageIds":[302850668],"cost":3},"status":1,"message":"موفق"}
[2025-12-04 16:12:05] SMS.ir bulk (buyer) status=200 ok=1 body={"data":{"packId":"9c7d8dce-4a61-48ad-8ece-edf10d0d6701","messageIds":[302850670],"cost":4},"status":1,"message":"موفق"}
[2025-12-04 16:59:49] SMS.ir bulk (admin) status=200 ok=1 body={"data":{"packId":"c499438c-39c4-4922-a855-e85fc5cabf9c","messageIds":[302877871],"cost":2},"status":1,"message":"موفق"}
[2025-12-04 16:59:50] SMS.ir bulk (buyer) status=200 ok=1 body={"data":{"packId":"02c689d5-735c-411d-8d04-42280032424c","messageIds":[302877877],"cost":4},"status":1,"message":"موفق"}
[2025-12-04 17:08:55] SMS.ir bulk (admin) status=200 ok=1 body={"data":{"packId":"c853016c-9f2b-4e36-bb20-cd46b4c5f9d7","messageIds":[302883107],"cost":2},"status":1,"message":"موفق"}
[2025-12-04 17:08:55] SMS.ir bulk (buyer) status=200 ok=1 body={"data":{"packId":"b8ca19d1-db9d-4d59-9319-d6ea0ea0eac8","messageIds":[302883112],"cost":4},"status":1,"message":"موفق"}
[2025-12-04 19:49:19] SMS.ir bulk (admin) status=200 ok=1 body={"data":{"packId":"09de44d3-80ac-4f06-89bd-531c2148fbe3","messageIds":[302984201],"cost":2},"status":1,"message":"موفق"}
[2025-12-04 19:49:19] SMS.ir bulk (buyer) status=200 ok=1 body={"data":{"packId":"f1a9f22b-89fa-40a6-bb2e-7dfa149cbcb5","messageIds":[302984210],"cost":4},"status":1,"message":"موفق"}
[2025-12-04 20:09:28] SMS.ir bulk (admin) status=200 ok=1 body={"data":{"packId":"49276df3-09a9-457f-b989-3169475a6acc","messageIds":[302996959],"cost":3},"status":1,"message":"موفق"}
[2025-12-04 20:09:28] SMS.ir bulk (buyer) status=200 ok=1 body={"data":{"packId":"0a91de96-7ad1-4edb-8725-001f82c88a89","messageIds":[302996965],"cost":4},"status":1,"message":"موفق"}
[2025-12-04 21:40:13] SMS.ir bulk (admin) status=200 ok=1 body={"data":{"packId":"f4403480-46ce-4743-8a39-ff08bd3de592","messageIds":[303048405],"cost":2},"status":1,"message":"موفق"}
[2025-12-04 21:40:14] SMS.ir bulk (buyer) status=200 ok=1 body={"data":{"packId":"b722d009-4819-470c-a11b-de9d22f07288","messageIds":[303048509],"cost":4},"status":1,"message":"موفق"}
[2025-12-04 21:48:22] SMS.ir bulk (admin) status=200 ok=1 body={"data":{"packId":"f4ebdc3c-e88b-4ef9-992d-831c362bf412","messageIds":[303055447],"cost":2},"status":1,"message":"موفق"}
[2025-12-04 21:48:23] SMS.ir bulk (buyer) status=200 ok=1 body={"data":{"packId":"97bd4447-4f16-4625-8415-7940a9b0cc00","messageIds":[303055453],"cost":4},"status":1,"message":"موفق"}
[2025-12-04 23:00:10] SMS.ir bulk (admin) status=200 ok=1 body={"data":{"packId":"bbaccdd0-5334-4367-a7ae-8b1034e8acf5","messageIds":[303085169],"cost":2},"status":1,"message":"موفق"}
[2025-12-04 23:00:11] SMS.ir bulk (buyer) status=200 ok=1 body={"data":{"packId":"5e467d0c-998d-46d7-bbc2-a0300f628bd9","messageIds":[303085173],"cost":4},"status":1,"message":"موفق"}
[2025-12-05 00:25:39] SMS.ir bulk (admin) status=200 ok=1 body={"data":{"packId":"1b94774b-809e-43b0-b8be-02e96a4cb275","messageIds":[303117613],"cost":2},"status":1,"message":"موفق"}
[2025-12-05 00:25:40] SMS.ir bulk (buyer) status=200 ok=1 body={"data":{"packId":"205da5c5-8084-4f74-914c-421a2a6e1e70","messageIds":[303117648],"cost":4},"status":1,"message":"موفق"}
[2025-12-05 00:29:48] SMS.ir bulk (admin) status=200 ok=1 body={"data":{"packId":"58319519-7c19-42aa-9851-7e10508d03d3","messageIds":[303118975],"cost":3},"status":1,"message":"موفق"}
[2025-12-05 00:29:49] SMS.ir bulk (buyer) status=200 ok=1 body={"data":{"packId":"dcc3ad2e-356d-4cff-9ee0-45ca52424e03","messageIds":[303118978],"cost":5},"status":1,"message":"موفق"}
[2025-12-05 01:06:15] SMS.ir bulk (admin) status=200 ok=1 body={"data":{"packId":"a1a5b478-fb7f-4d74-90ee-54514f545be4","messageIds":[303128706],"cost":2},"status":1,"message":"موفق"}
[2025-12-05 01:06:16] SMS.ir bulk (buyer) status=200 ok=1 body={"data":{"packId":"22966853-99a6-48b8-b579-134f8841bf36","messageIds":[303128711],"cost":4},"status":1,"message":"موفق"}
[2025-12-05 12:22:53] SMS.ir bulk (admin) status=200 ok=1 body={"data":{"packId":"82d51f71-371a-4788-9f31-07493bbbe89c","messageIds":[303266417],"cost":3},"status":1,"message":"موفق"}
[2025-12-05 12:22:54] SMS.ir bulk (buyer) status=200 ok=1 body={"data":{"packId":"bf492113-ac34-44b5-9798-d66c0f562bcc","messageIds":[303266423],"cost":4},"status":1,"message":"موفق"}
